// Jest Snapshot v1, https://goo.gl/fbAQLP

exports[`Programmable API 1`] = `
"- 9 files (0 file passed, 9 files failed) checked.
- 48 problems (47 errors, 1 warning) found.
┌─────────────────────────────┬───────┬─────────┬────────────┬─────────────────┐
│ Rule                        │ Error │ Warning │ is fixable │ has suggestions │
├─────────────────────────────┼───────┼─────────┼────────────┼─────────────────┤
│ ban-exponentiation-operator │ 9     │ 0       │ 0          │ 0               │
├─────────────────────────────┼───────┼─────────┼────────────┼─────────────────┤
│ semi                        │ 14    │ 1       │ 15         │ 0               │
├─────────────────────────────┼───────┼─────────┼────────────┼─────────────────┤
│ import/order                │ 3     │ 0       │ 3          │ 0               │
├─────────────────────────────┼───────┼─────────┼────────────┼─────────────────┤
│ prefer-const                │ 4     │ 0       │ 4          │ 0               │
├─────────────────────────────┼───────┼─────────┼────────────┼─────────────────┤
│ no-unused-vars              │ 7     │ 0       │ 0          │ 0               │
├─────────────────────────────┼───────┼─────────┼────────────┼─────────────────┤
│ no-useless-escape           │ 5     │ 0       │ 0          │ 5               │
├─────────────────────────────┼───────┼─────────┼────────────┼─────────────────┤
│ no-unsafe-negation          │ 5     │ 0       │ 0          │ 5               │
└─────────────────────────────┴───────┴─────────┴────────────┴─────────────────┘"
`;

exports[`Programmable API 2`] = `
Array [
  Object {
    "errorCount": 9,
    "hasSuggestionsCount": 0,
    "hasSuggestionsErrorCount": 0,
    "hasSuggestionsWarningCount": 0,
    "isFixableCount": 0,
    "isFixableErrorCount": 0,
    "isFixableWarningCount": 0,
    "ruleId": "ban-exponentiation-operator",
    "warningCount": 0,
  },
  Object {
    "errorCount": 14,
    "hasSuggestionsCount": 0,
    "hasSuggestionsErrorCount": 0,
    "hasSuggestionsWarningCount": 0,
    "isFixableCount": 15,
    "isFixableErrorCount": 14,
    "isFixableWarningCount": 1,
    "ruleId": "semi",
    "warningCount": 1,
  },
  Object {
    "errorCount": 3,
    "hasSuggestionsCount": 0,
    "hasSuggestionsErrorCount": 0,
    "hasSuggestionsWarningCount": 0,
    "isFixableCount": 3,
    "isFixableErrorCount": 3,
    "isFixableWarningCount": 0,
    "ruleId": "import/order",
    "warningCount": 0,
  },
  Object {
    "errorCount": 4,
    "hasSuggestionsCount": 0,
    "hasSuggestionsErrorCount": 0,
    "hasSuggestionsWarningCount": 0,
    "isFixableCount": 4,
    "isFixableErrorCount": 4,
    "isFixableWarningCount": 0,
    "ruleId": "prefer-const",
    "warningCount": 0,
  },
  Object {
    "errorCount": 7,
    "hasSuggestionsCount": 0,
    "hasSuggestionsErrorCount": 0,
    "hasSuggestionsWarningCount": 0,
    "isFixableCount": 0,
    "isFixableErrorCount": 0,
    "isFixableWarningCount": 0,
    "ruleId": "no-unused-vars",
    "warningCount": 0,
  },
  Object {
    "errorCount": 5,
    "hasSuggestionsCount": 5,
    "hasSuggestionsErrorCount": 5,
    "hasSuggestionsWarningCount": 0,
    "isFixableCount": 0,
    "isFixableErrorCount": 0,
    "isFixableWarningCount": 0,
    "ruleId": "no-useless-escape",
    "warningCount": 0,
  },
  Object {
    "errorCount": 5,
    "hasSuggestionsCount": 5,
    "hasSuggestionsErrorCount": 5,
    "hasSuggestionsWarningCount": 0,
    "isFixableCount": 0,
    "isFixableErrorCount": 0,
    "isFixableWarningCount": 0,
    "ruleId": "no-unsafe-negation",
    "warningCount": 0,
  },
]
`;
