// Jest Snapshot v1, https://goo.gl/fbAQLP

exports[`Programmable API 1`] = `
"- 7 files (0 file passed, 7 files failed) checked.
- 44 problems (43 errors, 1 warning) found.
┌─────────────────────────────┬───────┬─────────┬────────────┬─────────────────┐
│ Rule                        │ Error │ Warning │ is fixable │ has suggestions │
├─────────────────────────────┼───────┼─────────┼────────────┼─────────────────┤
│ ban-exponentiation-operator │ 7     │ 0       │ 0          │ 0               │
├─────────────────────────────┼───────┼─────────┼────────────┼─────────────────┤
│ semi                        │ 12    │ 1       │ 13         │ 0               │
├─────────────────────────────┼───────┼─────────┼────────────┼─────────────────┤
│ import/order                │ 3     │ 0       │ 3          │ 0               │
├─────────────────────────────┼───────┼─────────┼────────────┼─────────────────┤
│ prefer-const                │ 4     │ 0       │ 4          │ 0               │
├─────────────────────────────┼───────┼─────────┼────────────┼─────────────────┤
│ no-unused-vars              │ 7     │ 0       │ 0          │ 0               │
├─────────────────────────────┼───────┼─────────┼────────────┼─────────────────┤
│ no-useless-escape           │ 5     │ 0       │ 0          │ 5               │
├─────────────────────────────┼───────┼─────────┼────────────┼─────────────────┤
│ no-unsafe-negation          │ 5     │ 0       │ 0          │ 5               │
└─────────────────────────────┴───────┴─────────┴────────────┴─────────────────┘"
`;

exports[`Programmable API 2`] = `
Array [
  Object {
    "errorCount": 7,
    "hasSuggestionsCount": 0,
    "hasSuggestionsErrorCount": 0,
    "hasSuggestionsWarningCount": 0,
    "isFixableCount": 0,
    "isFixableErrorCount": 0,
    "isFixableWarningCount": 0,
    "ruleId": "ban-exponentiation-operator",
    "warningCount": 0,
  },
  Object {
    "errorCount": 12,
    "hasSuggestionsCount": 0,
    "hasSuggestionsErrorCount": 0,
    "hasSuggestionsWarningCount": 0,
    "isFixableCount": 13,
    "isFixableErrorCount": 12,
    "isFixableWarningCount": 1,
    "ruleId": "semi",
    "warningCount": 1,
  },
  Object {
    "errorCount": 3,
    "hasSuggestionsCount": 0,
    "hasSuggestionsErrorCount": 0,
    "hasSuggestionsWarningCount": 0,
    "isFixableCount": 3,
    "isFixableErrorCount": 3,
    "isFixableWarningCount": 0,
    "ruleId": "import/order",
    "warningCount": 0,
  },
  Object {
    "errorCount": 4,
    "hasSuggestionsCount": 0,
    "hasSuggestionsErrorCount": 0,
    "hasSuggestionsWarningCount": 0,
    "isFixableCount": 4,
    "isFixableErrorCount": 4,
    "isFixableWarningCount": 0,
    "ruleId": "prefer-const",
    "warningCount": 0,
  },
  Object {
    "errorCount": 7,
    "hasSuggestionsCount": 0,
    "hasSuggestionsErrorCount": 0,
    "hasSuggestionsWarningCount": 0,
    "isFixableCount": 0,
    "isFixableErrorCount": 0,
    "isFixableWarningCount": 0,
    "ruleId": "no-unused-vars",
    "warningCount": 0,
  },
  Object {
    "errorCount": 5,
    "hasSuggestionsCount": 5,
    "hasSuggestionsErrorCount": 5,
    "hasSuggestionsWarningCount": 0,
    "isFixableCount": 0,
    "isFixableErrorCount": 0,
    "isFixableWarningCount": 0,
    "ruleId": "no-useless-escape",
    "warningCount": 0,
  },
  Object {
    "errorCount": 5,
    "hasSuggestionsCount": 5,
    "hasSuggestionsErrorCount": 5,
    "hasSuggestionsWarningCount": 0,
    "isFixableCount": 0,
    "isFixableErrorCount": 0,
    "isFixableWarningCount": 0,
    "ruleId": "no-unsafe-negation",
    "warningCount": 0,
  },
]
`;

exports[`Programmable API 3`] = `
"==> fixtures-tmp/index.js <==
import { strictEqual } from 'assert';
import { add } from './lib/add';
import { exp } from './lib/exp';
import { mul } from './lib/mul';
import { sub } from './lib/sub';

const numA=add(1, 2);
const numB=add(3, 4);
const numC=sub(5, 6);
const numD=exp(2, 2);
const numE=mul(numA, numB, numC, numD);

strictEqual(numD, -84);

==> fixtures-tmp/lib/add.js <==
/* eslint semi: 1 */

export function add(a, b) {
  return a + b;
}

==> fixtures-tmp/lib/shebang.js <==
#!/usr/bin/env node

console.log();
"
`;
